---
source: tests/tests/syncback.rs
expression: src/text.text
---
-- This should be a in the file 'text.text'. It should be updated to have a second line.
-- This is the second line in 'text.text'.
