---
source: tests/rojo_test/syncback_util.rs
expression: "String::from_utf8_lossy(&output.stdout)"
---
Writing src/module.modulescript
Writing src/text.text
