---
source: tests/tests/syncback.rs
expression: src/csv.csv
---
Key,Source,Context,Example,es
Ack,Ack!,,An exclamation of despair,Â¡Ay!
