---
source: tests/rojo_test/syncback_util.rs
expression: "String::from_utf8_lossy(&output.stderr)"
---
No files/directories would be removed or added.
