---
source: tests/tests/syncback.rs
expression: src/non-init.luau
---
-- This module SHOULD be updated
-- This text is new.
