---
source: tests/rojo_test/syncback_util.rs
expression: "String::from_utf8_lossy(&output.stderr)"
---
Writing files/directories:
default.project.json
src/model_json.model.json
src/rbxm.rbxm
src/rbxmx.rbxmx
