---
source: tests/rojo_test/syncback_util.rs
expression: "String::from_utf8_lossy(&output.stderr)"
---
Writing files/directories:
attribute_mismatch.luau
property_mismatch.project.json
