---
source: tests/tests/syncback.rs
expression: src/dir_with_meta/init.meta.json
---
{
  "properties": {
    "Tags": [
      "This tag on dir_with_meta"
    ]
  },
  "className": "Configuration"
}
