---
source: tests/rojo_test/syncback_util.rs
expression: "String::from_utf8_lossy(&output.stderr)"
---
Writing files/directories:
src/int_value.model.json
src/subfolder/string_value.txt
src/subfolder
