---
source: tests/rojo_test/syncback_util.rs
expression: "String::from_utf8_lossy(&output.stdout)"
---
Writing src/csv.csv
Writing src/csv_init/init.csv
Writing src/csv_init
