{
  "name": "property_mismatch",
  "tree": {
    "$className": "BrickColorValue",
    "$properties": {
      "Value": {
        "BrickColor": 345
      }
    }
  }
}