{
  "name": "Nested",
  "tree": {
    "$className": "Configuration",
    "BoolValue": {
      "$className": "BoolValue",
      "$properties": {
        "Value": true
      }
    },
    "StringValue": {
      "$path": "string_value.txt"
    }
  }
}