---
source: src/snapshot_middleware/csv.rs
expression: instance_snapshot
---
snapshot_id: "00000000000000000000000000000000"
metadata:
  ignore_unknown_instances: true
  instigating_source:
    Path: /foo.csv
  relevant_paths:
    - /foo.csv
    - /foo.meta.json
  context:
    emit_legacy_scripts: true
  specified_id: ~
  middleware: ~
name: foo
class_name: LocalizationTable
properties:
  Contents:
    String: "[{\"key\":\"Ack\",\"example\":\"An exclamation of despair\",\"source\":\"Ack!\",\"values\":{\"es\":\"Â¡Ay!\"}}]"
children: []

