---
source: src/snapshot_middleware/txt.rs
expression: instance_snapshot
---
snapshot_id: "00000000000000000000000000000000"
metadata:
  ignore_unknown_instances: false
  instigating_source:
    Path: /foo.txt
  relevant_paths:
    - /foo.txt
    - /foo.meta.json
  context:
    emit_legacy_scripts: true
  specified_id: ~
  middleware: ~
name: foo
class_name: StringValue
properties:
  Value:
    String: Hello there!
children: []

