---
source: src/snapshot_middleware/project.rs
expression: instance_snapshot
---
snapshot_id: "00000000000000000000000000000000"
metadata:
  ignore_unknown_instances: true
  instigating_source:
    Path: /foo/default.project.json
  relevant_paths:
    - /foo/other.project.json
    - /foo/default.project.json
  context:
    emit_legacy_scripts: true
  specified_id: ~
  middleware: project
name: path-child-project
class_name: Folder
properties: {}
children:
  - snapshot_id: "00000000000000000000000000000000"
    metadata:
      ignore_unknown_instances: true
      instigating_source:
        ProjectNode:
          path: /foo/other.project.json
          name: SomeChild
          node:
            $className: Model
          parent_class: Folder
      relevant_paths: []
      context:
        emit_legacy_scripts: true
      specified_id: ~
      middleware: ~
    name: SomeChild
    class_name: Model
    properties: {}
    children: []

