---
source: tests/tests/serve.rs
expression: "subscribe_response.intern_and_redact(&mut redactions, ())"

---
messageCursor: 2
messages:
  - added: {}
    removed:
      - id-3
    updated: []
  - added:
      id-5:
        Children: []
        ClassName: ModuleScript
        Id: id-5
        Metadata:
          ignoreUnknownInstances: false
        Name: eg11
        Parent: id-2
        Properties:
          Source:
            String: ""
    removed: []
    updated: []
sessionId: id-1
