---
source: tests/tests/serve.rs
expression: "read_response.intern_and_redact(&mut redactions, root_id)"

---
instances:
  id-2:
    Children:
      - id-3
    ClassName: Folder
    Id: id-2
    Metadata:
      ignoreUnknownInstances: false
    Name: empty_folder
    Parent: "00000000000000000000000000000000"
    Properties: {}
  id-3:
    Children: []
    ClassName: Model
    Id: id-3
    Metadata:
      ignoreUnknownInstances: false
    Name: test
    Parent: id-2
    Properties: {}
messageCursor: 1
sessionId: id-1

