---
source: tests/tests/serve.rs
assertion_line: 316
expression: redactions.redacted_yaml(info)
---
expectedPlaceIds: ~
gameId: ~
placeId: ~
projectName: top-level
protocolVersion: 4
rootInstanceId: id-2
serverVersion: "[server-version]"
sessionId: id-1

