---
source: tests/tests/serve.rs
expression: "read_response.intern_and_redact(&mut redactions, root_id)"

---
instances:
  id-2:
    Children:
      - id-4
      - id-5
    ClassName: Folder
    Id: id-2
    Metadata:
      ignoreUnknownInstances: true
    Name: multiple_paths
    Parent: "00000000000000000000000000000000"
    Properties: {}
  id-4:
    Children: []
    ClassName: ModuleScript
    Id: id-4
    Metadata:
      ignoreUnknownInstances: false
    Name: eg2
    Parent: id-2
    Properties:
      Source:
        String: ""
  id-5:
    Children: []
    ClassName: ModuleScript
    Id: id-5
    Metadata:
      ignoreUnknownInstances: false
    Name: eg11
    Parent: id-2
    Properties:
      Source:
        String: ""
messageCursor: 2
sessionId: id-1
